1 COMMENT //
3 INT int
3 ID power
3 ASSIGN =
3 NUM 5
Error ^
