1 BINOP /
1 BINOP *
1 ID comment
1 VOID void
1 BINOP *
1 BINOP /
