1 STRING this is a string
1 AND and
1 STRING this is a string
1 ID as
1 ID well
2 ID but
Error unclosed string
