1 VOID void
2 INT int
Error undefined escape sequence xG5
