1 ID hello
1 ID here
1 ID is
Error unclosed string
