1 STRING \\\"
2 STRING \" ABC
Error unclosed string
