1 ID itn
2 ID voidd
3 ID returnn
4 ID rreturn
5 ID ont
6 ID tno
7 ID False
8 ID True
9 ID xFG
10 ID x345
11 ID B
12 ID b5b5b66b7777
13 ID gG6yY0
