1 VOID void
2 INT int
3 BYTE byte
4 B b
5 BOOL bool
6 AND and
7 OR or
8 NOT not
9 TRUE true
10 FALSE false
11 RETURN return
12 IF if
13 ELSE else
14 WHILE while
15 BREAK break
16 CONTINUE continue
17 SC ;
18 COMMA ,
19 LPAREN (
20 RPAREN )
21 LBRACE {
22 RBRACE }
23 ASSIGN =
24 RELOP ==
25 RELOP !=
26 RELOP <
27 RELOP >
28 RELOP <=
29 RELOP >=
30 BINOP +
31 BINOP -
32 BINOP *
33 BINOP /
